make all --print-data-base --no-builtin-variables --no-builtin-rules --question
# GNU Make 4.3
# Built for x86_64-pc-linux-gnu
# Copyright (C) 1988-2020 Free Software Foundation, Inc.
# License GPLv3+: GNU GPL version 3 or later <http://gnu.org/licenses/gpl.html>
# This is free software: you are free to change and redistribute it.
# There is NO WARRANTY, to the extent permitted by law.

# Make data base, printed on Fri Oct  2 22:53:15 2026

# Variables

# environment
GDK_BACKEND = x11
# environment
LC_ALL = C
# environment
MXC_BIN_DIR = /usr/share/code/resources/app/node_modules.asar.unpacked/@microsoft/mxc-sdk/bin
# makefile (from 'Makefile', line 40)
DIST := dist/x86_64
# environment
GJS_DEBUG_OUTPUT = stderr
# environment
VSCODE_CRASH_REPORTER_PROCESS_TYPE = extensionHost
# environment
VSCODE_CWD = /home/s7k11
# environment
NVM_DIR = /home/s7k11/.nvm
# environment
GDM_LANG = en_US
# default
MAKE_COMMAND := make
# environment
GTK3_MODULES = xapp-gtk3-module
# environment
QT_ACCESSIBILITY = 1
# automatic
@D = $(patsubst %/,%,$(dir $@))
# environment
VSCODE_HANDLES_UNCAUGHT_ERRORS = true
# default
.VARIABLES := 
# environment
PWD = /home/s7k11/Documents/Gorgon-OS
# makefile (from 'Makefile', line 12)
GRUB := grub-mkrescue
# automatic
%D = $(patsubst %/,%,$(dir $%))
# environment
XDG_DATA_DIRS = /usr/share/cinnamon:/usr/share/gnome:/home/s7k11/.local/share/flatpak/exports/share:/var/lib/flatpak/exports/share:/usr/local/share:/usr/share
# environment
VSCODE_NODE_COMPILE_CACHE_ROOT = /usr/share/code/resources/app/node-compile-cache
# automatic
^D = $(patsubst %/,%,$(dir $^))
# automatic
%F = $(notdir $%)
# environment
VSCODE_CODE_CACHE_PATH = /home/s7k11/.config/Code/CachedData/07f806f999227108933c2e30515b26eecc1fda74
# environment
XDG_SESSION_PATH = /org/freedesktop/DisplayManager/Session0
# environment
LANG = C
# environment
XAUTHORITY = /home/s7k11/.Xauthority
# default
.LOADED := 
# default
.INCLUDE_DIRS = /usr/local/include /usr/include /usr/include
# makefile
MAKEFLAGS = pqrR
# environment
COPILOT_CLI_ENABLED_FEATURE_FLAGS = SHELL_SPAWN_BACKEND
# makefile
CURDIR := /home/s7k11/Documents/Gorgon-OS
# makefile (from 'Makefile', line 33)
NASMFLAGS := -f elf64 -g -F dwarf
# environment
APPLICATION_INSIGHTS_NO_DIAGNOSTIC_CHANNEL = true
# environment
LESSOPEN = | /usr/bin/lesspipe %s
# automatic
*D = $(patsubst %/,%,$(dir $*))
# environment
MFLAGS = -pqrR
# environment
SSH_AUTH_SOCK = /run/user/1000/keyring/ssh
# default
.SHELLFLAGS := -c
# environment
XDG_CONFIG_DIRS = /etc/xdg/xdg-cinnamon:/etc/xdg
# environment
COPILOT_OTEL_FILE_EXPORTER_PATH = /dev/null
# automatic
+D = $(patsubst %/,%,$(dir $+))
# environment
XDG_SESSION_DESKTOP = cinnamon
# makefile (from 'Makefile', line 1)
MAKEFILE_LIST := Makefile
# automatic
@F = $(notdir $@)
# environment
VSCODE_PID = 2996
# makefile (from 'Makefile', line 41)
ISO := dist/x86_64/iso
# environment
XDG_SESSION_TYPE = x11
# automatic
?D = $(patsubst %/,%,$(dir $?))
# environment
SESSION_MANAGER = local/s7k11-HP-ProBook-645-G3:@/tmp/.ICE-unix/1608,unix/s7k11-HP-ProBook-645-G3:/tmp/.ICE-unix/1608
# automatic
*F = $(notdir $*)
# environment
CHROME_DESKTOP = com.microsoft.VSCode.desktop
# environment
DBUS_SESSION_BUS_ADDRESS = unix:path=/run/user/1000/bus
# automatic
<D = $(patsubst %/,%,$(dir $<))
# environment
VSCODE_NLS_CONFIG = {"userLocale":"en-gb","osLocale":"en-ng","resolvedLanguage":"en","defaultMessagesFile":"/usr/share/code/resources/app/out/nls.messages.json","locale":"en-gb","availableLanguages":{}}
# default
MAKE_HOST := x86_64-pc-linux-gnu
# environment
GNOME_DESKTOP_SESSION_ID = this-is-deprecated
# makefile
SHELL = /bin/sh
# environment
NoDefaultCurrentDirectoryInExePath = 1
# default
MAKECMDGOALS := all
# environment
GJS_DEBUG_TOPICS = JS ERROR;JS LOG
# environment
SHLVL = 0
# environment
MAKELEVEL := 0
# default
MAKE = $(MAKE_COMMAND)
# environment
PATH = /home/s7k11/.local/bin:/home/s7k11/opt/cross/bin:/home/s7k11/opt/cross/bin:/home/s7k11/.wakatime:/home/s7k11/.cargo/bin:/home/s7k11/.local/bin:/usr/local/sbin:/usr/local/bin:/usr/sbin:/usr/bin:/sbin:/bin:/usr/games:/usr/local/games:/snap/bin
# default
MAKEFILES := 
# environment
LANGUAGE = en_NG:en
# automatic
^F = $(notdir $^)
# environment
CINNAMON_VERSION = 6.4.14
# environment
APPLICATION_INSIGHTS_NO_STATSBEAT = true
# makefile (from 'Makefile', line 86)
ASM_OBJECTS := build/x86_64/boot/header.o build/x86_64/boot/main.o build/x86_64/boot/main64.o build/x86_64/cpu/gdt.o build/x86_64/cpu/idt.o build/x86_64/cpu/pit.o build/x86_64/cpu/context_switch.o
# environment
LESSCLOSE = /usr/bin/lesspipe %s %s
# automatic
?F = $(notdir $?)
# makefile (from 'Makefile', line 75)
C_OBJECTS := build/x86_64/main.o build/x86_64/serial.o build/x86_64/task.o build/x86_64/cpu/pic.o build/x86_64/cpu/timer.o build/x86_64/cpu/tss.o build/x86_64/memory/pmm.o build/x86_64/memory/vmm.o build/x86_64/memory/heap.o
# environment
XDG_SEAT = seat0
# environment
XDG_CURRENT_DESKTOP = X-Cinnamon
# automatic
+F = $(notdir $+)
# environment
XDG_SEAT_PATH = /org/freedesktop/DisplayManager/Seat0
# environment
DESKTOP_SESSION = cinnamon
# makefile (from 'Makefile', line 95)
OBJECTS := build/x86_64/main.o build/x86_64/serial.o build/x86_64/task.o build/x86_64/cpu/pic.o build/x86_64/cpu/timer.o build/x86_64/cpu/tss.o build/x86_64/memory/pmm.o build/x86_64/memory/vmm.o build/x86_64/memory/heap.o build/x86_64/boot/header.o build/x86_64/boot/main.o build/x86_64/boot/main64.o build/x86_64/cpu/gdt.o build/x86_64/cpu/idt.o build/x86_64/cpu/pit.o build/x86_64/cpu/context_switch.o
# 'override' directive
GNUMAKEFLAGS := 
# environment
 
LOGNAME = s7k11
# environment
GIO_LAUNCHED_DESKTOP_FILE = /usr/share/applications/com.microsoft.VSCode.desktop
# environment
XDG_VTNR = 7
# makefile
.DEFAULT_GOAL := all
# environment
DISPLAY = :0
# environment
USER = s7k11
# environment
GTK_MODULES = gail:atk-bridge
# makefile (from 'Makefile', line 11)
NASM := nasm
# default
MAKE_VERSION := 4.3
# makefile (from 'Makefile', line 39)
BUILD := build/x86_64
# makefile (from 'Makefile', line 31)
LDFLAGS := -T targets/x86_64/linker.ld
# environment
GIO_LAUNCHED_DESKTOP_FILE_PID = 2996
# environment
_ = /usr/share/code/code
# environment
XDG_RUNTIME_DIR = /run/user/1000
# makefile (from 'Makefile', line 18)
CFLAGS := -ffreestanding -g -O0 -mno-red-zone -fno-stack-protector -fno-pic -mcmodel=kernel -mno-sse -Wall -I src -I src/kernel -I src/x86_64
# environment
GPG_AGENT_INFO = /run/user/1000/gnupg/S.gpg-agent:0:1
# environment
FC_FONTATIONS = 1
# environment
XDG_SESSION_CLASS = user
# environment
HOME = /home/s7k11
# environment
ELECTRON_RUN_AS_NODE = 1
# environment
VSCODE_IPC_HOOK = /run/user/1000/vscode-7cf4cc97-1.14-main.sock
# environment
XDG_SESSION_ID = c2
# default
.RECIPEPREFIX := 
# automatic
<F = $(notdir $<)
# makefile (from 'Makefile', line 47)
C_SOURCES := src/kernel/main.c src/kernel/serial.c src/kernel/task.c src/x86_64/cpu/pic.c src/x86_64/cpu/timer.c src/x86_64/cpu/tss.c src/x86_64/memory/pmm.c src/x86_64/memory/vmm.c src/x86_64/memory/heap.c
# default
SUFFIXES := 
# makefile (from 'Makefile', line 10)
LD := x86_64-elf-ld
# makefile (from 'Makefile', line 62)
ASM_SOURCES := src/x86_64/boot/header.asm src/x86_64/boot/main.asm src/x86_64/boot/main64.asm src/x86_64/cpu/gdt.asm src/x86_64/cpu/idt.asm src/x86_64/cpu/pit.asm src/x86_64/cpu/context_switch.asm
# environment
XDG_GREETER_DATA_DIR = /var/lib/lightdm-data/s7k11
# environment
DEBUG = release
# default
.FEATURES := target-specific order-only second-expansion else-if shortest-stem undefine oneshell nocomment grouped-target extra-prereqs archives jobserver output-sync check-symlink load
# makefile (from 'Makefile', line 9)
CC := x86_64-elf-gcc
# environment
VSCODE_ESM_ENTRYPOINT = vs/workbench/api/node/extensionHostProcess
# environment
GDMSESSION = cinnamon
# variable set hash-table stats:
# Load=114/1024=11%, Rehash=0, Collisions=7/186=4%

# Pattern-specific Variable Values

# No pattern-specific variable values.

# Directories

# . (device 2050, inode 14992916): 13 files, no impossibilities.

# 13 files, no impossibilities in 1 directories.

# Implicit Rules

# No implicit rules.

# Files

# Not a target:
src/x86_64/cpu/gdt.asm:
#  Implicit rule search has been done.
#  Last modified 2026-10-02 17:06:28.436392345
#  File has been updated.
#  Successfully updated.

# Not a target:
src/kernel/main.c:
#  Implicit rule search has been done.
#  Last modified 2026-10-02 22:37:37.089322334
#  File has been updated.
#  Successfully updated.

# Not a target:
src/x86_64/cpu/context_switch.asm:
#  Implicit rule search has been done.
#  Last modified 2026-09-11 09:48:07.292975818
#  File has been updated.
#  Successfully updated.

# Not a target:
src/x86_64/cpu/pit.asm:
#  Implicit rule search has been done.
#  Last modified 2026-09-11 02:14:53.714658024
#  File has been updated.
#  Successfully updated.

build/x86_64/memory/heap.o: src/x86_64/memory/heap.c
#  Implicit rule search has not been done.
#  Last modified 2026-10-02 22:52:40.784755101
#  File has been updated.
#  Successfully updated.
#  recipe to execute (from 'Makefile', line 149):
	mkdir -p $(dir $@)
	$(CC) -c $(CFLAGS) $< -o $@

# Not a target:
src/x86_64/boot/main.asm:
#  Implicit rule search has been done.
#  Last modified 2026-10-02 10:59:25.5449923
#  File has been updated.
#  Successfully updated.

build/x86_64/boot/header.o: src/x86_64/boot/header.asm
#  Implicit rule search has not been done.
#  Last modified 2026-10-02 22:52:40.901777652
#  File has been updated.
#  Successfully updated.
#  recipe to execute (from 'Makefile', line 157):
	mkdir -p $(dir $@)
	$(NASM) $(NASMFLAGS) $< -o $@

build/x86_64/memory/pmm.o: src/x86_64/memory/pmm.c
#  Implicit rule search has not been done.
#  Last modified 2026-10-02 22:52:39.308468039
#  File has been updated.
#  Successfully updated.
#  recipe to execute (from 'Makefile', line 141):
	mkdir -p $(dir $@)
	$(CC) -c $(CFLAGS) $< -o $@

build/x86_64/cpu/pit.o: src/x86_64/cpu/pit.asm
#  Implicit rule search has not been done.
#  Last modified 2026-10-02 22:52:41.260845911
#  File has been updated.
#  Successfully updated.
#  recipe to execute (from 'Makefile', line 177):
	mkdir -p $(dir $@)
	$(NASM) $(NASMFLAGS) $< -o $@

build/x86_64/memory/vmm.o: src/x86_64/memory/vmm.c
#  Implicit rule search has not been done.
#  Last modified 2026-10-02 22:52:40.424685713
#  File has been updated.
#  Successfully updated.
#  recipe to execute (from 'Makefile', line 145):
	mkdir -p $(dir $@)
	$(CC) -c $(CFLAGS) $< -o $@

# Not a target:
src/x86_64/cpu/pic.c:
#  Implicit rule search has been done.
#  Last modified 2026-09-27 21:58:29.055925011
#  File has been updated.
#  Successfully updated.
 

debug: dist/x86_64/gorgon.iso
#  Phony target (prerequisite of .PHONY).
#  Implicit rule search has not been done.
#  File does not exist.
#  File has not been updated.
#  recipe to execute (from 'Makefile', line 235):
	qemu-system-x86_64 \
		-cdrom $(DIST)/gorgon.iso \
		-serial stdio \
		-no-reboot \
		-no-shutdown \
		-d int \
		-s -S

# Not a target:
Makefile:
#  Implicit rule search has been done.
#  Last modified 2026-10-01 16:06:51.143319412
#  File has been updated.
#  Successfully updated.

build/x86_64/cpu/tss.o: src/x86_64/cpu/tss.c
#  Implicit rule search has not been done.
#  Last modified 2026-10-02 22:52:38.982403922
#  File has been updated.
#  Successfully updated.
#  recipe to execute (from 'Makefile', line 133):
	mkdir -p $(dir $@)
	$(CC) -c $(CFLAGS) $< -o $@

# Not a target:
src/x86_64/boot/header.asm:
#  Implicit rule search has been done.
#  Last modified 2026-08-30 13:58:08.805509008
#  File has been updated.
#  Successfully updated.

clean:
#  Phony target (prerequisite of .PHONY).
#  Implicit rule search has not been done.
#  File does not exist.
#  File has not been updated.
#  recipe to execute (from 'Makefile', line 249):
	rm -rf build
	rm -rf dist/x86_64/kernel.bin
	rm -rf dist/x86_64/gorgon.iso
	rm -rf dist/x86_64/iso

# Not a target:
src/x86_64/memory/pmm.c:
#  Implicit rule search has been done.
#  Last modified 2026-09-28 03:52:33.575330887
#  File has been updated.
#  Successfully updated.

# Not a target:
src/x86_64/cpu/tss.c:
#  Implicit rule search has been done.
#  Last modified 2026-10-02 22:21:13.133979033
#  File has been updated.
#  Successfully updated.

# Not a target:
src/x86_64/boot/main64.asm:
#  Implicit rule search has been done.
#  Last modified 2026-10-02 22:25:31.794254583
#  File has been updated.
#  Successfully updated.

dist/x86_64/kernel.bin: build/x86_64/main.o build/x86_64/serial.o build/x86_64/task.o build/x86_64/cpu/pic.o build/x86_64/cpu/timer.o build/x86_64/cpu/tss.o build/x86_64/memory/pmm.o build/x86_64/memory/vmm.o build/x86_64/memory/heap.o build/x86_64/boot/header.o build/x86_64/boot/main.o build/x86_64/boot/main64.o build/x86_64/cpu/gdt.o build/x86_64/cpu/idt.o build/x86_64/cpu/pit.o build/x86_64/cpu/context_switch.o
#  Implicit rule search has not been done.
#  Last modified 2026-10-02 22:52:41.345861989
#  File has been updated.
#  Successfully updated.
#  recipe to execute (from 'Makefile', line 189):
	mkdir -p $(DIST)
	$(LD) $(LDFLAGS) -o $@ $(OBJECTS)

build/x86_64/cpu/timer.o: src/x86_64/cpu/timer.c
#  Implicit rule search has not been done.
#  Last modified 2026-10-02 22:52:38.834374278
#  File has been updated.
#  Successfully updated.
#  recipe to execute (from 'Makefile', line 129):
	mkdir -p $(dir $@)
	$(CC) -c $(CFLAGS) $< -o $@

# Not a target:
.DEFAULT:
#  Implicit rule search has not been done.
#  Modification time never checked.
#  File has not been updated.

all: dist/x86_64/gorgon.iso
#  Phony target (prerequisite of .PHONY).
#  Command line target.
#  Implicit rule search has not been done.
#  File does not exist.
#  File has been updated.
#  Successfully updated.

run: dist/x86_64/gorgon.iso
#  Phony target (prerequisite of .PHONY).
#  Implicit rule search has not been done.
#  File does not exist.
#  File has not been updated.
#  recipe to execute (from 'Makefile', line 209):
	qemu-system-x86_64 \
		-cdrom $(DIST)/gorgon.iso \
		-serial stdio \
		-no-reboot \
		-no-shutdown

help:
#  Phony target (prerequisite of .PHONY).
#  Implicit rule search has not been done.
#  File does not exist.
#  File has not been updated.
#  recipe to execute (from 'Makefile', line 260):
	@echo "Gorgon OS build targets:"
	@echo "  make        Build kernel and ISO"
	@echo "  make run    Build and run Gorgon in QEMU"
	@echo "  make debug  Build and run with GDB stub (see comment above debug target)"

build/x86_64/serial.o: src/kernel/serial.c
#  Implicit rule search has not been done.
#  Last modified 2026-10-02 22:52:37.855177611
#  File has been updated.
#  Successfully updated.
#  recipe to execute (from 'Makefile', line 113):
	mkdir -p $(dir $@)
	$(CC) -c $(CFLAGS) $< -o $@

# Not a target:
src/x86_64/cpu/idt.asm:
#  Implicit rule search has been done.
#  Last modified 2026-09-28 21:55:59.091038495
#  File has been updated.
#  Successfully updated.

build/x86_64/boot/main64.o: src/x86_64/boot/main64.asm
#  Implicit rule search has not been done.
#  Last modified 2026-10-02 22:52:41.101815837
#  File has been updated.
#  Successfully updated.
#  recipe to execute (from 'Makefile', line 165):
	mkdir -p $(dir $@)
	$(NASM) $(NASMFLAGS) $< -o $@

build/x86_64/cpu/pic.o: src/x86_64/cpu/pic.c
#  Implicit rule search has not been done.
#  Last modified 2026-10-02 22:52:38.524312186
#  File has been updated.
#  Successfully updated.
#  recipe to execute (from 'Makefile', line 125):
	mkdir -p $(dir $@)
	$(CC) -c $(CFLAGS) $< -o $@

# Not a target:
src/x86_64/memory/heap.c:
#  Implicit rule search has been done.
#  Last modified 2026-09-27 21:25:29.470062213
#  File has been updated.
#  Successfully updated.

build/x86_64/cpu/context_switch.o: src/x86_64/cpu/context_switch.asm
#  Implicit rule search has not been done.
#  Last modified 2026-10-02 22:52:41.282850072
#  File has been updated.
#  Successfully updated.
#  recipe to execute (from 'Makefile', line 181):
	mkdir -p $(dir $@)
	$(NASM) $(NASMFLAGS) $< -o $@

# Not a target:
src/x86_64/cpu/timer.c:
#  Implicit rule search has been done.
#  Last modified 2026-09-24 13:31:24.819714917
#  File has been updated.
#  Successfully updated.

 
build/x86_64/task.o: src/kernel/task.c
#  Implicit rule search has not been done.
#  Last modified 2026-10-02 22:52:38.222251697
#  File has been updated.
#  Successfully updated.
#  recipe to execute (from 'Makefile', line 117):
	mkdir -p $(dir $@)
	$(CC) -c $(CFLAGS) $< -o $@

build/x86_64/cpu/gdt.o: src/x86_64/cpu/gdt.asm
#  Implicit rule search has not been done.
#  Last modified 2026-10-02 22:52:41.135822268
#  File has been updated.
#  Successfully updated.
#  recipe to execute (from 'Makefile', line 169):
	mkdir -p $(dir $@)
	$(NASM) $(NASMFLAGS) $< -o $@

dist/x86_64/gorgon.iso: dist/x86_64/kernel.bin targets/x86_64/iso/boot/grub/grub.cfg
#  Implicit rule search has not been done.
#  Last modified 2026-10-02 22:52:43.526267228
#  File has been updated.
#  Successfully updated.
#  recipe to execute (from 'Makefile', line 197):
	rm -rf $(ISO)
	mkdir -p $(ISO)/boot/grub
	cp $(DIST)/kernel.bin $(ISO)/boot/kernel.bin
	cp targets/x86_64/iso/boot/grub/grub.cfg $(ISO)/boot/grub/grub.cfg
	$(GRUB) -o $@ $(ISO)

# Not a target:
targets/x86_64/iso/boot/grub/grub.cfg:
#  Implicit rule search has been done.
#  Last modified 2026-09-12 01:14:09.007666391
#  File has been updated.
#  Successfully updated.

build/x86_64/boot/main.o: src/x86_64/boot/main.asm
#  Implicit rule search has not been done.
#  Last modified 2026-10-02 22:52:40.949549573
#  File has been updated.
#  Successfully updated.
#  recipe to execute (from 'Makefile', line 161):
	mkdir -p $(dir $@)
	$(NASM) $(NASMFLAGS) $< -o $@

# Not a target:
src/kernel/task.c:
#  Implicit rule search has been done.
#  Last modified 2026-09-24 13:31:24.934723352
#  File has been updated.
#  Successfully updated.

.PHONY: all run debug clean help
#  Implicit rule search has not been done.
#  Modification time never checked.
#  File has not been updated.

build/x86_64/main.o: src/kernel/main.c
#  Implicit rule search has not been done.
#  Last modified 2026-10-02 22:52:37.463097542
#  File has been updated.
#  Successfully updated.
#  recipe to execute (from 'Makefile', line 109):
	mkdir -p $(dir $@)
	$(CC) -c $(CFLAGS) $< -o $@

build/x86_64/cpu/idt.o: src/x86_64/cpu/idt.asm
#  Implicit rule search has not been done.
#  Last modified 2026-10-02 22:52:41.244842885
#  File has been updated.
#  Successfully updated.
#  recipe to execute (from 'Makefile', line 173):
	mkdir -p $(dir $@)
	$(NASM) $(NASMFLAGS) $< -o $@

# Not a target:
src/kernel/serial.c:
#  Implicit rule search has been done.
#  Last modified 2026-09-27 14:19:33.011243639
#  File has been updated.
#  Successfully updated.

# Not a target:
src/x86_64/memory/vmm.c:
#  Implicit rule search has been done.
#  Last modified 2026-09-30 16:51:14.884591496
#  File has been updated.
#  Successfully updated.

# files hash-table stats:
# Load=44/1024=4%, Rehash=0, Collisions=2/106=2%
# VPATH Search Paths

# No 'vpath' search paths.

# No general ('VPATH' variable) search path.

# strcache buffers: 1 (0) / strings = 58 / storage = 1024 B / avg = 17 B
# current buf: size = 8162 B / used = 1024 B / count = 58 / avg = 17 B

# strcache performance: lookups = 120 / hit rate = 51%
# hash-table stats:
# Load=58/8192=1%, Rehash=0, Collisions=0/120=0%
# Finished Make data base on Fri Oct  2 22:53:15 2026

 
